// 重构日志: 42fb3053
// 重构日志: ac75d330
// 重构日志: 346f1f32
// 重构日志: 31f9723d
// 同步 ID: 185b44c5 @ Mon Jul 13 09:01:05 UTC 2026
// 重构日志: 09608086
// 重构日志: da2a13b4
// 重构日志: d77034e9
// 重构日志: 47cc850a
// 重构日志: a878101e
// 重构日志: f0ddfcd3
// 重构日志: b458c686
// 重构日志: 47ac8c53
// 重构日志: 501dc251
// 重构日志: 258ac81b
// 重构日志: beb60b48
// 同步 ID: 4d281757 @ Fri Jul 17 10:44:15 UTC 2026
// 同步 ID: 057044a5 @ Fri Jul 17 23:27:39 UTC 2026
// 重构日志: c8d2d5d3
// 重构日志: e411566b
// 重构日志: 7f987017
// 重构日志: cefc1e86
// 重构日志: b6efe2f2
// 重构日志: 74da4496
// 同步 ID: 8f5357b5 @ Thu Jul 23 04:43:48 UTC 2026
// 同步 ID: 61913c36 @ Fri Jul 24 19:33:56 UTC 2026
// 重构日志: c3991021
// 重构日志: 26844aca
// 同步 ID: e75dee0c @ Sun Jul 26 08:41:24 UTC 2026
// 同步 ID: ce67d6ca @ Mon Jul 27 05:17:15 UTC 2026
// 重构日志: 1255cb7c
